{"mode": "pinned", "size_mb": 0, "charge_before": 623054848, "charge_after": 622612480, "delta_mb": -0.421875, "is_pinned": null, "rep": 0}
{"mode": "pinned", "size_mb": 340, "charge_before": 622854144, "charge_after": 1164005376, "delta_mb": 516.08203125, "is_pinned": true, "rep": 0}
{"mode": "pinned", "size_mb": 512, "charge_before": 622030848, "charge_after": 1163763712, "delta_mb": 516.63671875, "is_pinned": true, "rep": 0}
{"mode": "pinned", "size_mb": 700, "charge_before": 621969408, "charge_after": 1703653376, "delta_mb": 1031.57421875, "is_pinned": true, "rep": 0}
{"mode": "pinned", "size_mb": 1024, "charge_before": 621875200, "charge_after": 1703727104, "delta_mb": 1031.734375, "is_pinned": true, "rep": 0}
{"mode": "pinned", "size_mb": 1359, "charge_before": 621887488, "charge_after": 2780860416, "delta_mb": 2058.95703125, "is_pinned": true, "rep": 0}
{"mode": "pinned", "size_mb": 2048, "charge_before": 621989888, "charge_after": 2780856320, "delta_mb": 2058.85546875, "is_pinned": true, "rep": 0}
{"mode": "pinned", "size_mb": 2100, "charge_before": 621785088, "charge_after": 4937633792, "delta_mb": 4115.9140625, "is_pinned": true, "rep": 0}
{"mode": "pinned", "size_mb": 3000, "charge_before": 622112768, "charge_after": 4938616832, "delta_mb": 4116.5390625, "is_pinned": true, "rep": 0}
{"mode": "pinned", "size_mb": 4096, "charge_before": 622026752, "charge_after": 4938510336, "delta_mb": 4116.51953125, "is_pinned": true, "rep": 0}
{"mode": "pageable", "size_mb": 0, "charge_before": 621260800, "charge_after": 621260800, "delta_mb": 0.0, "is_pinned": null, "rep": 0}
{"mode": "pageable", "size_mb": 340, "charge_before": 621461504, "charge_after": 981413888, "delta_mb": 343.27734375, "is_pinned": false, "rep": 0}
{"mode": "pageable", "size_mb": 512, "charge_before": 622317568, "charge_after": 1160880128, "delta_mb": 513.61328125, "is_pinned": false, "rep": 0}
{"mode": "pageable", "size_mb": 700, "charge_before": 622161920, "charge_after": 1359785984, "delta_mb": 703.453125, "is_pinned": false, "rep": 0}
{"mode": "pageable", "size_mb": 1024, "charge_before": 621654016, "charge_after": 1699508224, "delta_mb": 1027.921875, "is_pinned": false, "rep": 0}
{"mode": "pageable", "size_mb": 1359, "charge_before": 623243264, "charge_after": 2052829184, "delta_mb": 1363.359375, "is_pinned": false, "rep": 0}
{"mode": "pageable", "size_mb": 2048, "charge_before": 624545792, "charge_after": 2778087424, "delta_mb": 2053.77734375, "is_pinned": false, "rep": 0}
{"mode": "pageable", "size_mb": 2100, "charge_before": 622874624, "charge_after": 2831454208, "delta_mb": 2106.265625, "is_pinned": false, "rep": 0}
{"mode": "pageable", "size_mb": 3000, "charge_before": 623063040, "charge_after": 3777048576, "delta_mb": 3007.875, "is_pinned": false, "rep": 0}
{"mode": "pageable", "size_mb": 4096, "charge_before": 624447488, "charge_after": 4928077824, "delta_mb": 4104.26171875, "is_pinned": false, "rep": 0}
{"mode": "pinned", "size_mb": 0, "charge_before": 622837760, "charge_after": 621592576, "delta_mb": -1.1875, "is_pinned": null, "rep": 1}
{"mode": "pinned", "size_mb": 340, "charge_before": 621953024, "charge_after": 1164328960, "delta_mb": 517.25, "is_pinned": true, "rep": 1}
{"mode": "pinned", "size_mb": 512, "charge_before": 622190592, "charge_after": 1162620928, "delta_mb": 515.39453125, "is_pinned": true, "rep": 1}
{"mode": "pinned", "size_mb": 700, "charge_before": 622985216, "charge_after": 1703182336, "delta_mb": 1030.15625, "is_pinned": true, "rep": 1}
{"mode": "pinned", "size_mb": 1024, "charge_before": 621236224, "charge_after": 1702735872, "delta_mb": 1031.3984375, "is_pinned": true, "rep": 1}
{"mode": "pinned", "size_mb": 1359, "charge_before": 621682688, "charge_after": 2780770304, "delta_mb": 2059.06640625, "is_pinned": true, "rep": 1}
{"mode": "pinned", "size_mb": 2048, "charge_before": 622133248, "charge_after": 2781339648, "delta_mb": 2059.1796875, "is_pinned": true, "rep": 1}
{"mode": "pinned", "size_mb": 2100, "charge_before": 621998080, "charge_after": 4937764864, "delta_mb": 4115.8359375, "is_pinned": true, "rep": 1}
{"mode": "pinned", "size_mb": 3000, "charge_before": 621977600, "charge_after": 4937920512, "delta_mb": 4116.00390625, "is_pinned": true, "rep": 1}
{"mode": "pinned", "size_mb": 4096, "charge_before": 621629440, "charge_after": 4938248192, "delta_mb": 4116.6484375, "is_pinned": true, "rep": 1}
{"mode": "pageable", "size_mb": 0, "charge_before": 621723648, "charge_after": 621572096, "delta_mb": -0.14453125, "is_pinned": null, "rep": 1}
{"mode": "pageable", "size_mb": 340, "charge_before": 622059520, "charge_after": 981819392, "delta_mb": 343.09375, "is_pinned": false, "rep": 1}
{"mode": "pageable", "size_mb": 512, "charge_before": 622567424, "charge_after": 1164914688, "delta_mb": 517.22265625, "is_pinned": false, "rep": 1}
{"mode": "pageable", "size_mb": 700, "charge_before": 626077696, "charge_after": 1364135936, "delta_mb": 703.8671875, "is_pinned": false, "rep": 1}
{"mode": "pageable", "size_mb": 1024, "charge_before": 622362624, "charge_after": 1700012032, "delta_mb": 1027.7265625, "is_pinned": false, "rep": 1}
{"mode": "pageable", "size_mb": 1359, "charge_before": 621596672, "charge_after": 2051575808, "delta_mb": 1363.734375, "is_pinned": false, "rep": 1}
{"mode": "pageable", "size_mb": 2048, "charge_before": 622657536, "charge_after": 2776522752, "delta_mb": 2054.0859375, "is_pinned": false, "rep": 1}
{"mode": "pageable", "size_mb": 2100, "charge_before": 621887488, "charge_after": 2831060992, "delta_mb": 2106.83203125, "is_pinned": false, "rep": 1}
{"mode": "pageable", "size_mb": 3000, "charge_before": 622292992, "charge_after": 3775733760, "delta_mb": 3007.35546875, "is_pinned": false, "rep": 1}
{"mode": "pageable", "size_mb": 4096, "charge_before": 621510656, "charge_after": 4929298432, "delta_mb": 4108.2265625, "is_pinned": false, "rep": 1}
FITS {"pinned": {"slope": 1.1516, "intercept_mb": 208.0, "r2": 0.84503, "points": 20}, "pageable": {"slope": 1.0021, "intercept_mb": 1.7, "r2": 1.0, "points": 20}}
ENV {"cgroup": "v2", "torch": "2.8.0+cu128", "driver": "590.48.01", "gpu": "NVIDIA GeForce RTX 5090"}
