+ V=/root/venv/bin
+ export PYTHONPATH=/root/gnf4/kernel:/root/gnf4:/root/e4b
+ PYTHONPATH=/root/gnf4/kernel:/root/gnf4:/root/e4b
+ cd /root/gnf4/bench/cold-engine/gate1-5090-zen5
+ /root/venv/bin/python run_gate1.py --model /root/models/olmoe --arena /root/models/olmoe.arena --profile /root/olmoe_profile.jsonl --calib /root/calib.json --sweep 0.01,0.05,0.10,0.20 --steps 128 --warmup 8 --seq 64 --hot-rows 384 --vram-frac 0.25 --order tail --out /root/gate1_rerun.json
calibration: B_vram=1568.1 B_dram=148.5 B_nvme=2.42 (G0 proceed)
arena: L=16 E=64 row=3538944 B
control placement: vram=256 dram=768 nvme=0 (nvme_frac=0.0000)
prompt: real prose, 64 tokens

=== cold 1% (achieved 0.0102, 127 experts) ===
[13:34:50]   fusing + quantizing experts (up to 16x64) to nf4 (streaming)...
[13:34:50]   quantized experts on 16/16 MoE layers (64 experts each)
[13:34:50]   loading non-expert weights (attention/embeddings/router/norms/dense-mlp)...
[13:34:50]   experts deferred to the arena: 16 module(s), 80 unmaterialized buffer(s) — call nvme_experts.enable_nvme_residency() before running this model
[13:34:52]   hybrid: 2 NUMA nodes — run under `numactl --interleave=all` until node-local allocation lands (see the Phase-2 metal receipt)
[13:35:04]   hybrid tier active on 16 module(s): vram/dram/nvme masses 0.52/0.48/0.00
  control    patched=16 median=  169.41 ms  cold cpu/gpu=     0/0      win_reads=    0 dmax=ref
[13:36:02]   fusing + quantizing experts (up to 16x64) to nf4 (streaming)...
[13:36:02]   quantized experts on 16/16 MoE layers (64 experts each)
[13:36:02]   loading non-expert weights (attention/embeddings/router/norms/dense-mlp)...
[13:36:03]   experts deferred to the arena: 16 module(s), 80 unmaterialized buffer(s) — call nvme_experts.enable_nvme_residency() before running this model
[13:36:03]   hybrid: 2 NUMA nodes — run under `numactl --interleave=all` until node-local allocation lands (see the Phase-2 metal receipt)
[13:36:14]   hybrid tier active on 16 module(s): vram/dram/nvme masses 0.52/0.48/0.00
  control#2  patched=16 median=  164.64 ms  cold cpu/gpu=     0/0      win_reads=    0 dmax=0.0000
[13:37:08]   fusing + quantizing experts (up to 16x64) to nf4 (streaming)...
[13:37:08]   quantized experts on 16/16 MoE layers (64 experts each)
[13:37:08]   loading non-expert weights (attention/embeddings/router/norms/dense-mlp)...
[13:37:08]   experts deferred to the arena: 16 module(s), 80 unmaterialized buffer(s) — call nvme_experts.enable_nvme_residency() before running this model
[13:37:08]   hybrid: 2 NUMA nodes — run under `numactl --interleave=all` until node-local allocation lands (see the Phase-2 metal receipt)
[13:37:17]   hybrid tier active on 16 module(s): vram/dram/nvme masses 0.52/0.47/0.01
  cold-gpu   patched=16 median=  492.48 ms  cold cpu/gpu=     0/2591   win_reads=   25 dmax=19.9688
[13:39:01]   fusing + quantizing experts (up to 16x64) to nf4 (streaming)...
[13:39:01]   quantized experts on 16/16 MoE layers (64 experts each)
[13:39:01]   loading non-expert weights (attention/embeddings/router/norms/dense-mlp)...
[13:39:01]   experts deferred to the arena: 16 module(s), 80 unmaterialized buffer(s) — call nvme_experts.enable_nvme_residency() before running this model
[13:39:02]   hybrid: 2 NUMA nodes — run under `numactl --interleave=all` until node-local allocation lands (see the Phase-2 metal receipt)
[13:39:11]   hybrid tier active on 16 module(s): vram/dram/nvme masses 0.52/0.47/0.01
  cold-cpu   patched=16 median=  193.85 ms  cold cpu/gpu=  2511/0      win_reads=   26 dmax=0.0000
[13:40:15]   fusing + quantizing experts (up to 16x64) to nf4 (streaming)...
[13:40:15]   quantized experts on 16/16 MoE layers (64 experts each)
[13:40:15]   loading non-expert weights (attention/embeddings/router/norms/dense-mlp)...
[13:40:15]   experts deferred to the arena: 16 module(s), 80 unmaterialized buffer(s) — call nvme_experts.enable_nvme_residency() before running this model
[13:40:16]   hybrid: 2 NUMA nodes — run under `numactl --interleave=all` until node-local allocation lands (see the Phase-2 metal receipt)
[13:40:24]   hybrid tier active on 16 module(s): vram/dram/nvme masses 0.52/0.47/0.01
  dynamic    patched=16 median=  500.51 ms  cold cpu/gpu=   234/2457   win_reads=   31 dmax=14.6250

=== cold 5% (achieved 0.0503, 265 experts) ===
[13:42:13]   fusing + quantizing experts (up to 16x64) to nf4 (streaming)...
[13:42:13]   quantized experts on 16/16 MoE layers (64 experts each)
[13:42:13]   loading non-expert weights (attention/embeddings/router/norms/dense-mlp)...
[13:42:13]   experts deferred to the arena: 16 module(s), 80 unmaterialized buffer(s) — call nvme_experts.enable_nvme_residency() before running this model
[13:42:16]   hybrid: 2 NUMA nodes — run under `numactl --interleave=all` until node-local allocation lands (see the Phase-2 metal receipt)
[13:42:26]   hybrid tier active on 16 module(s): vram/dram/nvme masses 0.52/0.48/0.00
  control    patched=16 median=  165.48 ms  cold cpu/gpu=     0/0      win_reads=    0 dmax=ref
[13:43:19]   fusing + quantizing experts (up to 16x64) to nf4 (streaming)...
[13:43:19]   quantized experts on 16/16 MoE layers (64 experts each)
[13:43:19]   loading non-expert weights (attention/embeddings/router/norms/dense-mlp)...
[13:43:19]   experts deferred to the arena: 16 module(s), 80 unmaterialized buffer(s) — call nvme_experts.enable_nvme_residency() before running this model
[13:43:20]   hybrid: 2 NUMA nodes — run under `numactl --interleave=all` until node-local allocation lands (see the Phase-2 metal receipt)
[13:43:29]   hybrid tier active on 16 module(s): vram/dram/nvme masses 0.52/0.48/0.00
  control#2  patched=16 median=  168.27 ms  cold cpu/gpu=     0/0      win_reads=    0 dmax=0.0000
[13:44:23]   fusing + quantizing experts (up to 16x64) to nf4 (streaming)...
[13:44:23]   quantized experts on 16/16 MoE layers (64 experts each)
[13:44:23]   loading non-expert weights (attention/embeddings/router/norms/dense-mlp)...
[13:44:24]   experts deferred to the arena: 16 module(s), 80 unmaterialized buffer(s) — call nvme_experts.enable_nvme_residency() before running this model
[13:44:24]   hybrid: 2 NUMA nodes — run under `numactl --interleave=all` until node-local allocation lands (see the Phase-2 metal receipt)
[13:44:32]   hybrid tier active on 16 module(s): vram/dram/nvme masses 0.52/0.43/0.05
  cold-gpu   patched=16 median=  679.84 ms  cold cpu/gpu=     0/9209   win_reads=   27 dmax=22.4844
[13:47:04]   fusing + quantizing experts (up to 16x64) to nf4 (streaming)...
[13:47:04]   quantized experts on 16/16 MoE layers (64 experts each)
[13:47:04]   loading non-expert weights (attention/embeddings/router/norms/dense-mlp)...
[13:47:05]   experts deferred to the arena: 16 module(s), 80 unmaterialized buffer(s) — call nvme_experts.enable_nvme_residency() before running this model
[13:47:05]   hybrid: 2 NUMA nodes — run under `numactl --interleave=all` until node-local allocation lands (see the Phase-2 metal receipt)
[13:47:13]   hybrid tier active on 16 module(s): vram/dram/nvme masses 0.52/0.43/0.05
  cold-cpu   patched=16 median=  244.76 ms  cold cpu/gpu= 10053/0      win_reads=   36 dmax=0.0000
[13:48:26]   fusing + quantizing experts (up to 16x64) to nf4 (streaming)...
[13:48:26]   quantized experts on 16/16 MoE layers (64 experts each)
[13:48:26]   loading non-expert weights (attention/embeddings/router/norms/dense-mlp)...
[13:48:26]   experts deferred to the arena: 16 module(s), 80 unmaterialized buffer(s) — call nvme_experts.enable_nvme_residency() before running this model
[13:48:27]   hybrid: 2 NUMA nodes — run under `numactl --interleave=all` until node-local allocation lands (see the Phase-2 metal receipt)
[13:48:34]   hybrid tier active on 16 module(s): vram/dram/nvme masses 0.52/0.43/0.05
  dynamic    patched=16 median=  613.25 ms  cold cpu/gpu=  4023/5110   win_reads=   25 dmax=16.1250

=== cold 10% (achieved 0.1001, 364 experts) ===
[13:51:05]   fusing + quantizing experts (up to 16x64) to nf4 (streaming)...
[13:51:05]   quantized experts on 16/16 MoE layers (64 experts each)
[13:51:05]   loading non-expert weights (attention/embeddings/router/norms/dense-mlp)...
[13:51:05]   experts deferred to the arena: 16 module(s), 80 unmaterialized buffer(s) — call nvme_experts.enable_nvme_residency() before running this model
[13:51:07]   hybrid: 2 NUMA nodes — run under `numactl --interleave=all` until node-local allocation lands (see the Phase-2 metal receipt)
[13:51:17]   hybrid tier active on 16 module(s): vram/dram/nvme masses 0.52/0.48/0.00
  control    patched=16 median=  175.90 ms  cold cpu/gpu=     0/0      win_reads=    0 dmax=ref
[13:52:11]   fusing + quantizing experts (up to 16x64) to nf4 (streaming)...
[13:52:11]   quantized experts on 16/16 MoE layers (64 experts each)
[13:52:11]   loading non-expert weights (attention/embeddings/router/norms/dense-mlp)...
[13:52:12]   experts deferred to the arena: 16 module(s), 80 unmaterialized buffer(s) — call nvme_experts.enable_nvme_residency() before running this model
[13:52:12]   hybrid: 2 NUMA nodes — run under `numactl --interleave=all` until node-local allocation lands (see the Phase-2 metal receipt)
[13:52:23]   hybrid tier active on 16 module(s): vram/dram/nvme masses 0.52/0.48/0.00
  control#2  patched=16 median=  163.12 ms  cold cpu/gpu=     0/0      win_reads=    0 dmax=0.0000
[13:53:15]   fusing + quantizing experts (up to 16x64) to nf4 (streaming)...
[13:53:15]   quantized experts on 16/16 MoE layers (64 experts each)
[13:53:15]   loading non-expert weights (attention/embeddings/router/norms/dense-mlp)...
[13:53:15]   experts deferred to the arena: 16 module(s), 80 unmaterialized buffer(s) — call nvme_experts.enable_nvme_residency() before running this model
[13:53:16]   hybrid: 2 NUMA nodes — run under `numactl --interleave=all` until node-local allocation lands (see the Phase-2 metal receipt)
[13:53:23]   hybrid tier active on 16 module(s): vram/dram/nvme masses 0.52/0.38/0.10
  cold-gpu   patched=16 median=  875.55 ms  cold cpu/gpu=     0/16693  win_reads=   26 dmax=18.6719
[13:56:32]   fusing + quantizing experts (up to 16x64) to nf4 (streaming)...
[13:56:32]   quantized experts on 16/16 MoE layers (64 experts each)
[13:56:32]   loading non-expert weights (attention/embeddings/router/norms/dense-mlp)...
[13:56:33]   experts deferred to the arena: 16 module(s), 80 unmaterialized buffer(s) — call nvme_experts.enable_nvme_residency() before running this model
[13:56:33]   hybrid: 2 NUMA nodes — run under `numactl --interleave=all` until node-local allocation lands (see the Phase-2 metal receipt)
[13:56:40]   hybrid tier active on 16 module(s): vram/dram/nvme masses 0.52/0.38/0.10
  cold-cpu   patched=16 median=  268.43 ms  cold cpu/gpu= 17054/0      win_reads=   38 dmax=0.0000
[13:57:58]   fusing + quantizing experts (up to 16x64) to nf4 (streaming)...
[13:57:58]   quantized experts on 16/16 MoE layers (64 experts each)
[13:57:58]   loading non-expert weights (attention/embeddings/router/norms/dense-mlp)...
[13:57:59]   experts deferred to the arena: 16 module(s), 80 unmaterialized buffer(s) — call nvme_experts.enable_nvme_residency() before running this model
[13:57:59]   hybrid: 2 NUMA nodes — run under `numactl --interleave=all` until node-local allocation lands (see the Phase-2 metal receipt)
[13:58:07]   hybrid tier active on 16 module(s): vram/dram/nvme masses 0.52/0.38/0.10
  dynamic    patched=16 median= 1005.87 ms  cold cpu/gpu=  8856/8591   win_reads=   38 dmax=16.3828

=== cold 20% (achieved 0.2003, 505 experts) ===
[14:01:23]   fusing + quantizing experts (up to 16x64) to nf4 (streaming)...
[14:01:23]   quantized experts on 16/16 MoE layers (64 experts each)
[14:01:23]   loading non-expert weights (attention/embeddings/router/norms/dense-mlp)...
[14:01:24]   experts deferred to the arena: 16 module(s), 80 unmaterialized buffer(s) — call nvme_experts.enable_nvme_residency() before running this model
[14:01:24]   hybrid: 2 NUMA nodes — run under `numactl --interleave=all` until node-local allocation lands (see the Phase-2 metal receipt)
[14:01:34]   hybrid tier active on 16 module(s): vram/dram/nvme masses 0.52/0.48/0.00
  control    patched=16 median=  169.07 ms  cold cpu/gpu=     0/0      win_reads=    0 dmax=ref
[14:02:28]   fusing + quantizing experts (up to 16x64) to nf4 (streaming)...
[14:02:28]   quantized experts on 16/16 MoE layers (64 experts each)
[14:02:28]   loading non-expert weights (attention/embeddings/router/norms/dense-mlp)...
[14:02:28]   experts deferred to the arena: 16 module(s), 80 unmaterialized buffer(s) — call nvme_experts.enable_nvme_residency() before running this model
[14:02:29]   hybrid: 2 NUMA nodes — run under `numactl --interleave=all` until node-local allocation lands (see the Phase-2 metal receipt)
[14:02:39]   hybrid tier active on 16 module(s): vram/dram/nvme masses 0.52/0.48/0.00
  control#2  patched=16 median=  166.92 ms  cold cpu/gpu=     0/0      win_reads=    0 dmax=0.0000
[14:03:31]   fusing + quantizing experts (up to 16x64) to nf4 (streaming)...
[14:03:31]   quantized experts on 16/16 MoE layers (64 experts each)
[14:03:31]   loading non-expert weights (attention/embeddings/router/norms/dense-mlp)...
[14:03:31]   experts deferred to the arena: 16 module(s), 80 unmaterialized buffer(s) — call nvme_experts.enable_nvme_residency() before running this model
[14:03:32]   hybrid: 2 NUMA nodes — run under `numactl --interleave=all` until node-local allocation lands (see the Phase-2 metal receipt)
[14:03:38]   hybrid tier active on 16 module(s): vram/dram/nvme masses 0.52/0.28/0.20
  cold-gpu   patched=16 median= 1050.38 ms  cold cpu/gpu=     0/28942  win_reads=  255 dmax=18.2031
[14:07:39]   fusing + quantizing experts (up to 16x64) to nf4 (streaming)...
[14:07:39]   quantized experts on 16/16 MoE layers (64 experts each)
[14:07:39]   loading non-expert weights (attention/embeddings/router/norms/dense-mlp)...
[14:07:39]   experts deferred to the arena: 16 module(s), 80 unmaterialized buffer(s) — call nvme_experts.enable_nvme_residency() before running this model
[14:07:40]   hybrid: 2 NUMA nodes — run under `numactl --interleave=all` until node-local allocation lands (see the Phase-2 metal receipt)
[14:07:46]   hybrid tier active on 16 module(s): vram/dram/nvme masses 0.52/0.28/0.20
  cold-cpu   patched=16 median=  277.77 ms  cold cpu/gpu= 29502/0      win_reads=  536 dmax=0.0000
[14:09:10]   fusing + quantizing experts (up to 16x64) to nf4 (streaming)...
[14:09:10]   quantized experts on 16/16 MoE layers (64 experts each)
[14:09:10]   loading non-expert weights (attention/embeddings/router/norms/dense-mlp)...
[14:09:10]   experts deferred to the arena: 16 module(s), 80 unmaterialized buffer(s) — call nvme_experts.enable_nvme_residency() before running this model
[14:09:10]   hybrid: 2 NUMA nodes — run under `numactl --interleave=all` until node-local allocation lands (see the Phase-2 metal receipt)
[14:09:16]   hybrid tier active on 16 module(s): vram/dram/nvme masses 0.52/0.28/0.20
  dynamic    patched=16 median= 1113.58 ms  cold cpu/gpu= 18747/10727  win_reads=  428 dmax=17.1562

receipt -> /root/gate1_rerun.json
+ echo GATE1_DONE
GATE1_DONE
