[20:54:49]   fusing + quantizing experts (up to 48x128) to nf4 (streaming)...
[20:54:49]   quantized experts on 48/48 MoE layers (128 experts each)
[20:54:49]   loading non-expert weights (attention/embeddings/router/norms/dense-mlp)...
[20:54:51]   experts deferred to the arena: 48 module(s), 240 unmaterialized buffer(s) — call nvme_experts.enable_nvme_residency() before running this model
[20:54:51]   hybrid: 2 NUMA nodes — run under `numactl --interleave=all` until node-local allocation lands (see the Phase-2 metal receipt)
[20:55:32]   hybrid tier active on 48 module(s): vram/dram/nvme masses 1.00/0.00/0.00
fused q/k/v projections on 48 attention modules (RESULTS-f2-tail default)
K12 arm 3: paged attention NOT dynamo-disabled either -- expected to reproduce the F1 Stage B failure
K12: MoE tier NOT dynamo-disabled (attention also NOT -- arm 3)
compiled 48 layer bodies (mode=default); dynamo-disabled: NOTHING; graph step marking=False
Warning: You are sending unauthenticated requests to the HF Hub. Please set a HF_TOKEN to enable higher rate limits and faster downloads.
[transformers] Token indices sequence length is longer than the specified maximum sequence length for this model (298938 > 131072). Running this sequence through the model will result in indexing errors
/opt/conda/lib/python3.11/site-packages/torch/_dynamo/variables/functions.py:2431: UserWarning: Dynamo does not know how to trace the builtin `time.perf_counter_ns.` This function is either a Python builtin (e.g. _warnings.warn) or a third-party C/C++ Python extension (perhaps created with pybind).
If it is a Python builtin, please file an issue on GitHub so the PyTorch team can add support for it and see the next case for a workaround.
If it is a third-party C/C++ Python extension, please either wrap it into a PyTorch-understood custom operator (see https://pytorch.org/tutorials/advanced/custom_ops_landing_page.html for more details) or, if it is traceable, use `torch.compiler.allow_in_graph`.
  torch._dynamo.utils.warn_once(explanation + "\n" + "\n".join(hints))
/opt/conda/lib/python3.11/site-packages/torch/_inductor/compile_fx.py:321: UserWarning: TensorFloat32 tensor cores for float32 matrix multiplication available but not enabled. Consider setting `torch.set_float32_matmul_precision('high')` for better performance.
  warnings.warn(
W0826 20:55:41.419000 16529 site-packages/torch/_dynamo/variables/tensor.py:1759] [6/0] Graph break from `Tensor.item()`, consider setting:
W0826 20:55:41.419000 16529 site-packages/torch/_dynamo/variables/tensor.py:1759] [6/0]     torch._dynamo.config.capture_scalar_outputs = True
W0826 20:55:41.419000 16529 site-packages/torch/_dynamo/variables/tensor.py:1759] [6/0] or:
W0826 20:55:41.419000 16529 site-packages/torch/_dynamo/variables/tensor.py:1759] [6/0]     env TORCHDYNAMO_CAPTURE_SCALAR_OUTPUTS=1
W0826 20:55:41.419000 16529 site-packages/torch/_dynamo/variables/tensor.py:1759] [6/0] to include these operations in the captured graph.
W0826 20:55:41.419000 16529 site-packages/torch/_dynamo/variables/tensor.py:1759] [6/0] 
W0826 20:55:41.419000 16529 site-packages/torch/_dynamo/variables/tensor.py:1759] [6/0] Graph break: from user code at:
W0826 20:55:41.419000 16529 site-packages/torch/_dynamo/variables/tensor.py:1759] [6/0]   File "/opt/conda/lib/python3.11/site-packages/transformers/models/qwen3_moe/modeling_qwen3_moe.py", line 346, in torch_dynamo_resume_in_forward_at_332
W0826 20:55:41.419000 16529 site-packages/torch/_dynamo/variables/tensor.py:1759] [6/0]     hidden_states = self.mlp(hidden_states)
W0826 20:55:41.419000 16529 site-packages/torch/_dynamo/variables/tensor.py:1759] [6/0]                     ^^^^^^^^^^^^^^^^^^^^^^^
W0826 20:55:41.419000 16529 site-packages/torch/_dynamo/variables/tensor.py:1759] [6/0]   File "/opt/conda/lib/python3.11/site-packages/transformers/models/qwen3_moe/modeling_qwen3_moe.py", line 280, in forward
W0826 20:55:41.419000 16529 site-packages/torch/_dynamo/variables/tensor.py:1759] [6/0]     final_hidden_states = self.experts(hidden_states_reshaped, selected_experts, routing_weights)
W0826 20:55:41.419000 16529 site-packages/torch/_dynamo/variables/tensor.py:1759] [6/0]                           ^^^^^^^^^^^^^^^^^^^^^^^^^^^^^^^^^^^^^^^^^^^^^^^^^^^^^^^^^^^^^^^^^^^^^^^
W0826 20:55:41.419000 16529 site-packages/torch/_dynamo/variables/tensor.py:1759] [6/0]   File "/opt/conda/lib/python3.11/site-packages/torch/nn/modules/module.py", line 1778, in _wrapped_call_impl
W0826 20:55:41.419000 16529 site-packages/torch/_dynamo/variables/tensor.py:1759] [6/0]     return self._call_impl(*args, **kwargs)
W0826 20:55:41.419000 16529 site-packages/torch/_dynamo/variables/tensor.py:1759] [6/0]            ^^^^^^^^^^^^^^^^^^^^^^^^^^^^^^^^
W0826 20:55:41.419000 16529 site-packages/torch/_dynamo/variables/tensor.py:1759] [6/0]   File "/opt/conda/lib/python3.11/site-packages/torch/nn/modules/module.py", line 1789, in _call_impl
W0826 20:55:41.419000 16529 site-packages/torch/_dynamo/variables/tensor.py:1759] [6/0]     return forward_call(*args, **kwargs)
W0826 20:55:41.419000 16529 site-packages/torch/_dynamo/variables/tensor.py:1759] [6/0]            ^^^^^^^^^^^^^^^^^^^^^^^^^^^^^
W0826 20:55:41.419000 16529 site-packages/torch/_dynamo/variables/tensor.py:1759] [6/0]   File "/root/e4b/experts4bit_qlora/engines/hot_residency.py", line 796, in _fwd
W0826 20:55:41.419000 16529 site-packages/torch/_dynamo/variables/tensor.py:1759] [6/0]     return st.forward(hidden, top_k_index, top_k_weights)
W0826 20:55:41.419000 16529 site-packages/torch/_dynamo/variables/tensor.py:1759] [6/0]            ^^^^^^^^^^^^^^^^^^^^^^^^^^^^^^^^^^^^^^^^^^^^^^
W0826 20:55:41.419000 16529 site-packages/torch/_dynamo/variables/tensor.py:1759] [6/0]   File "/root/e4b/experts4bit_qlora/engines/hybrid.py", line 480, in forward
W0826 20:55:41.419000 16529 site-packages/torch/_dynamo/variables/tensor.py:1759] [6/0]     out = super().forward(hidden_states, top_k_index, top_k_weights)
W0826 20:55:41.419000 16529 site-packages/torch/_dynamo/variables/tensor.py:1759] [6/0]           ^^^^^^^^^^^^^^^^^^^^^^^^^^^^^^^^^^^^^^^^^^^^^^^^^^^^^^^^^^
W0826 20:55:41.419000 16529 site-packages/torch/_dynamo/variables/tensor.py:1759] [6/0]   File "/root/e4b/experts4bit_qlora/engines/hot_residency.py", line 352, in forward
W0826 20:55:41.419000 16529 site-packages/torch/_dynamo/variables/tensor.py:1759] [6/0]     and self._all_hot()):
W0826 20:55:41.419000 16529 site-packages/torch/_dynamo/variables/tensor.py:1759] [6/0]         ^^^^^^^^^^^^^^^^^
W0826 20:55:41.419000 16529 site-packages/torch/_dynamo/variables/tensor.py:1759] [6/0]   File "/root/e4b/experts4bit_qlora/engines/hot_residency.py", line 226, in _all_hot
W0826 20:55:41.419000 16529 site-packages/torch/_dynamo/variables/tensor.py:1759] [6/0]     c = bool(self.is_hot.all()) and bool(
W0826 20:55:41.419000 16529 site-packages/torch/_dynamo/variables/tensor.py:1759] [6/0]         ^^^^^^^^^^^^^^^^^^^^^^^^^^^^^^^^^
W0826 20:55:41.419000 16529 site-packages/torch/_dynamo/variables/tensor.py:1759] [6/0] 
W0826 20:55:41.419000 16529 site-packages/torch/_dynamo/variables/tensor.py:1759] [6/0] 
/opt/conda/lib/python3.11/site-packages/torch/_dynamo/variables/functions.py:2431: UserWarning: Dynamo does not know how to trace the builtin `cuda_utils.get_device_properties.` This function is either a Python builtin (e.g. _warnings.warn) or a third-party C/C++ Python extension (perhaps created with pybind).
If it is a Python builtin, please file an issue on GitHub so the PyTorch team can add support for it and see the next case for a workaround.
If it is a third-party C/C++ Python extension, please either wrap it into a PyTorch-understood custom operator (see https://pytorch.org/tutorials/advanced/custom_ops_landing_page.html for more details) or, if it is traceable, use `torch.compiler.allow_in_graph`.
  torch._dynamo.utils.warn_once(explanation + "\n" + "\n".join(hints))
W0826 20:55:54.116000 16529 site-packages/torch/_dynamo/convert_frame.py:1994] [20/8] torch._dynamo hit config.recompile_limit (8)
W0826 20:55:54.116000 16529 site-packages/torch/_dynamo/convert_frame.py:1994] [20/8]    function: '_mm' (/root/e4b/experts4bit_qlora/engines/hot_residency.py:132)
W0826 20:55:54.116000 16529 site-packages/torch/_dynamo/convert_frame.py:1994] [20/8]    last reason: 20/7: tensor 'am' size mismatch at index 1. expected 2048, actual 1536
W0826 20:55:54.116000 16529 site-packages/torch/_dynamo/convert_frame.py:1994] [20/8] To log all recompilation reasons, use TORCH_LOGS="recompiles".
W0826 20:55:54.116000 16529 site-packages/torch/_dynamo/convert_frame.py:1994] [20/8] To diagnose recompilation issues, see https://docs.pytorch.org/docs/main/user_guide/torch_compiler/compile/programming_model.recompilation.html
W0826 20:55:56.266000 16529 site-packages/torch/_dynamo/convert_frame.py:1994] [3/8] torch._dynamo hit config.recompile_limit (8)
W0826 20:55:56.266000 16529 site-packages/torch/_dynamo/convert_frame.py:1994] [3/8]    function: 'torch_dynamo_resume_in_timed_at_147' (/root/e4b/bench/hybrid-g9/step_decomp.py:147)
W0826 20:55:56.266000 16529 site-packages/torch/_dynamo/convert_frame.py:1994] [3/8]    last reason: 3/7: a[0].layer_idx == 7                                      # layer = int(getattr(module, "layer_idx", 0))  # oot/e4b/experts4bit_qlora/engines/paged_attention.py:114 in paged_attention_forward (HINT: torch.compile considers integer attributes of the nn.Module to be static. If you are observing recompilation, you might want to make this integer dynamic using torch._dynamo.config.allow_unspec_int_on_nn_module = True, or convert this integer into a tensor.)
W0826 20:55:56.266000 16529 site-packages/torch/_dynamo/convert_frame.py:1994] [3/8] User stack trace:
W0826 20:55:56.266000 16529 site-packages/torch/_dynamo/convert_frame.py:1994] [3/8]   File "/root/e4b/bench/hybrid-g9/step_decomp.py", line 149, in timed
W0826 20:55:56.266000 16529 site-packages/torch/_dynamo/convert_frame.py:1994] [3/8]     out = orig(*a, **k)
W0826 20:55:56.266000 16529 site-packages/torch/_dynamo/convert_frame.py:1994] [3/8]   File "/root/e4b/experts4bit_qlora/engines/paged_attention.py", line 114, in paged_attention_forward
W0826 20:55:56.266000 16529 site-packages/torch/_dynamo/convert_frame.py:1994] [3/8]     layer = int(getattr(module, "layer_idx", 0))
W0826 20:55:56.266000 16529 site-packages/torch/_dynamo/convert_frame.py:1994] [3/8] To log all recompilation reasons, use TORCH_LOGS="recompiles".
W0826 20:55:56.266000 16529 site-packages/torch/_dynamo/convert_frame.py:1994] [3/8] To diagnose recompilation issues, see https://docs.pytorch.org/docs/main/user_guide/torch_compiler/compile/programming_model.recompilation.html
W0826 20:55:56.352000 16529 site-packages/torch/_dynamo/convert_frame.py:1994] [17/8] torch._dynamo hit config.recompile_limit (8)
W0826 20:55:56.352000 16529 site-packages/torch/_dynamo/convert_frame.py:1994] [17/8]    function: 'torch_dynamo_resume_in__fused_over_stack_at_123' (/root/e4b/experts4bit_qlora/engines/hot_residency.py:123)
W0826 20:55:56.352000 16529 site-packages/torch/_dynamo/convert_frame.py:1994] [17/8]    last reason: 17/7: tensor '___stack0[0]' size mismatch at index 0. expected 74, actual 95
W0826 20:55:56.352000 16529 site-packages/torch/_dynamo/convert_frame.py:1994] [17/8] To log all recompilation reasons, use TORCH_LOGS="recompiles".
W0826 20:55:56.352000 16529 site-packages/torch/_dynamo/convert_frame.py:1994] [17/8] To diagnose recompilation issues, see https://docs.pytorch.org/docs/main/user_guide/torch_compiler/compile/programming_model.recompilation.html
W0826 20:55:59.850000 16529 site-packages/torch/_dynamo/convert_frame.py:1994] [6/8] torch._dynamo hit config.recompile_limit (8)
W0826 20:55:59.850000 16529 site-packages/torch/_dynamo/convert_frame.py:1994] [6/8]    function: 'torch_dynamo_resume_in_forward_at_332' (/opt/conda/lib/python3.11/site-packages/transformers/models/qwen3_moe/modeling_qwen3_moe.py:332)
W0826 20:55:59.850000 16529 site-packages/torch/_dynamo/convert_frame.py:1994] [6/8]    last reason: 6/7: G['__import_nf4_grouped']._DISPATCH_COUNTS['dotpad'] == 12    # _DISPATCH_COUNTS["dotpad"] += 1  # oot/gnf4/kernel/nf4_grouped.py:1168 in gemm_4bit_grouped
W0826 20:55:59.850000 16529 site-packages/torch/_dynamo/convert_frame.py:1994] [6/8] User stack trace:
W0826 20:55:59.850000 16529 site-packages/torch/_dynamo/convert_frame.py:1994] [6/8]   File "/opt/conda/lib/python3.11/site-packages/transformers/models/qwen3_moe/modeling_qwen3_moe.py", line 346, in forward
W0826 20:55:59.850000 16529 site-packages/torch/_dynamo/convert_frame.py:1994] [6/8]     hidden_states = self.mlp(hidden_states)
W0826 20:55:59.850000 16529 site-packages/torch/_dynamo/convert_frame.py:1994] [6/8]   File "/opt/conda/lib/python3.11/site-packages/transformers/models/qwen3_moe/modeling_qwen3_moe.py", line 280, in forward
W0826 20:55:59.850000 16529 site-packages/torch/_dynamo/convert_frame.py:1994] [6/8]     final_hidden_states = self.experts(hidden_states_reshaped, selected_experts, routing_weights)
W0826 20:55:59.850000 16529 site-packages/torch/_dynamo/convert_frame.py:1994] [6/8]   File "/opt/conda/lib/python3.11/site-packages/torch/nn/modules/module.py", line 1778, in _wrapped_call_impl
W0826 20:55:59.850000 16529 site-packages/torch/_dynamo/convert_frame.py:1994] [6/8]     return self._call_impl(*args, **kwargs)
W0826 20:55:59.850000 16529 site-packages/torch/_dynamo/convert_frame.py:1994] [6/8]   File "/opt/conda/lib/python3.11/site-packages/torch/nn/modules/module.py", line 1789, in _call_impl
W0826 20:55:59.850000 16529 site-packages/torch/_dynamo/convert_frame.py:1994] [6/8]     return forward_call(*args, **kwargs)
W0826 20:55:59.850000 16529 site-packages/torch/_dynamo/convert_frame.py:1994] [6/8]   File "/root/e4b/experts4bit_qlora/engines/hot_residency.py", line 796, in _fwd
W0826 20:55:59.850000 16529 site-packages/torch/_dynamo/convert_frame.py:1994] [6/8]     return st.forward(hidden, top_k_index, top_k_weights)
W0826 20:55:59.850000 16529 site-packages/torch/_dynamo/convert_frame.py:1994] [6/8]   File "/root/e4b/experts4bit_qlora/engines/hybrid.py", line 480, in forward
W0826 20:55:59.850000 16529 site-packages/torch/_dynamo/convert_frame.py:1994] [6/8]     out = super().forward(hidden_states, top_k_index, top_k_weights)
W0826 20:55:59.850000 16529 site-packages/torch/_dynamo/convert_frame.py:1994] [6/8]   File "/root/e4b/experts4bit_qlora/engines/hot_residency.py", line 356, in forward
W0826 20:55:59.850000 16529 site-packages/torch/_dynamo/convert_frame.py:1994] [6/8]     return self._forward_collapsed(x, flat, top_k_weights, T, k,
W0826 20:55:59.850000 16529 site-packages/torch/_dynamo/convert_frame.py:1994] [6/8]   File "/root/e4b/experts4bit_qlora/engines/hot_residency.py", line 438, in _forward_collapsed
W0826 20:55:59.850000 16529 site-packages/torch/_dynamo/convert_frame.py:1994] [6/8]     dn = _fused_over_stack(xr, flat, self.h_gu_p, self.h_gu_a,
W0826 20:55:59.850000 16529 site-packages/torch/_dynamo/convert_frame.py:1994] [6/8]   File "/root/e4b/experts4bit_qlora/engines/hot_residency.py", line 134, in _fused_over_stack
W0826 20:55:59.850000 16529 site-packages/torch/_dynamo/convert_frame.py:1994] [6/8]     gu = _mm(x_sorted, gu_p, gu_a)
W0826 20:55:59.850000 16529 site-packages/torch/_dynamo/convert_frame.py:1994] [6/8]   File "/root/e4b/experts4bit_qlora/engines/hot_residency.py", line 133, in _mm
W0826 20:55:59.850000 16529 site-packages/torch/_dynamo/convert_frame.py:1994] [6/8]     return gemm_4bit_grouped(xr, pk, am, sizes, eids)
W0826 20:55:59.850000 16529 site-packages/torch/_dynamo/convert_frame.py:1994] [6/8]   File "/root/gnf4/kernel/nf4_grouped.py", line 1168, in gemm_4bit_grouped
W0826 20:55:59.850000 16529 site-packages/torch/_dynamo/convert_frame.py:1994] [6/8]     _DISPATCH_COUNTS["dotpad"] += 1
W0826 20:55:59.850000 16529 site-packages/torch/_dynamo/convert_frame.py:1994] [6/8] To log all recompilation reasons, use TORCH_LOGS="recompiles".
W0826 20:55:59.850000 16529 site-packages/torch/_dynamo/convert_frame.py:1994] [6/8] To diagnose recompilation issues, see https://docs.pytorch.org/docs/main/user_guide/torch_compiler/compile/programming_model.recompilation.html
Traceback (most recent call last):
  File "/root/e4b/bench/hybrid-g9/step_decomp.py", line 2363, in <module>
    main()
  File "/root/e4b/bench/hybrid-g9/step_decomp.py", line 2066, in main
    _b1d_stage_a(a, model, runner, sched, kv,
  File "/root/e4b/bench/hybrid-g9/step_decomp.py", line 774, in _b1d_stage_a
    one_step()
  File "/root/e4b/bench/hybrid-g9/step_decomp.py", line 678, in one_step
    out = model(input_ids=in_ids, position_ids=pos, use_cache=False)
          ^^^^^^^^^^^^^^^^^^^^^^^^^^^^^^^^^^^^^^^^^^^^^^^^^^^^^^^^^^
  File "/opt/conda/lib/python3.11/site-packages/torch/nn/modules/module.py", line 1778, in _wrapped_call_impl
    return self._call_impl(*args, **kwargs)
           ^^^^^^^^^^^^^^^^^^^^^^^^^^^^^^^^
  File "/opt/conda/lib/python3.11/site-packages/torch/nn/modules/module.py", line 1789, in _call_impl
    return forward_call(*args, **kwargs)
           ^^^^^^^^^^^^^^^^^^^^^^^^^^^^^
  File "/opt/conda/lib/python3.11/site-packages/transformers/utils/generic.py", line 939, in wrapper
    output = func(self, *args, **kwargs)
             ^^^^^^^^^^^^^^^^^^^^^^^^^^^
  File "/opt/conda/lib/python3.11/site-packages/transformers/models/qwen3_moe/modeling_qwen3_moe.py", line 645, in forward
    outputs: MoeModelOutputWithPast = self.model(
                                      ^^^^^^^^^^^
  File "/opt/conda/lib/python3.11/site-packages/torch/nn/modules/module.py", line 1778, in _wrapped_call_impl
    return self._call_impl(*args, **kwargs)
           ^^^^^^^^^^^^^^^^^^^^^^^^^^^^^^^^
  File "/opt/conda/lib/python3.11/site-packages/torch/nn/modules/module.py", line 1789, in _call_impl
    return forward_call(*args, **kwargs)
           ^^^^^^^^^^^^^^^^^^^^^^^^^^^^^
  File "/opt/conda/lib/python3.11/site-packages/transformers/utils/generic.py", line 1068, in wrapper
    output = func(self, *args, **kwargs)
             ^^^^^^^^^^^^^^^^^^^^^^^^^^^
  File "/opt/conda/lib/python3.11/site-packages/transformers/utils/output_capturing.py", line 262, in wrapper
    outputs = func(self, *args, **kwargs)
              ^^^^^^^^^^^^^^^^^^^^^^^^^^^
  File "/opt/conda/lib/python3.11/site-packages/transformers/models/qwen3_moe/modeling_qwen3_moe.py", line 496, in forward
    hidden_states = decoder_layer(
                    ^^^^^^^^^^^^^^
  File "/opt/conda/lib/python3.11/site-packages/transformers/modeling_layers.py", line 114, in __call__
    return super().__call__(*args, **kwargs)
           ^^^^^^^^^^^^^^^^^^^^^^^^^^^^^^^^^
  File "/opt/conda/lib/python3.11/site-packages/torch/nn/modules/module.py", line 1778, in _wrapped_call_impl
    return self._call_impl(*args, **kwargs)
           ^^^^^^^^^^^^^^^^^^^^^^^^^^^^^^^^
  File "/opt/conda/lib/python3.11/site-packages/torch/nn/modules/module.py", line 1789, in _call_impl
    return forward_call(*args, **kwargs)
           ^^^^^^^^^^^^^^^^^^^^^^^^^^^^^
  File "/opt/conda/lib/python3.11/site-packages/torch/_dynamo/eval_frame.py", line 1183, in compile_wrapper
    raise e.remove_dynamo_frames() from None  # see TORCHDYNAMO_VERBOSE=1
    ^^^^^^^^^^^^^^^^^^^^^^^^^^^^^^^^^^^^^^^^
  File "/opt/conda/lib/python3.11/site-packages/torch/_inductor/compile_fx.py", line 1079, in _compile_fx_inner
    raise InductorError(e, currentframe()).with_traceback(
  File "/opt/conda/lib/python3.11/site-packages/torch/_inductor/compile_fx.py", line 1059, in _compile_fx_inner
    mb_compiled_graph = fx_codegen_and_compile(
                        ^^^^^^^^^^^^^^^^^^^^^^^
  File "/opt/conda/lib/python3.11/site-packages/torch/_inductor/compile_fx.py", line 1847, in fx_codegen_and_compile
    return scheme.codegen_and_compile(gm, example_inputs, inputs_to_check, graph_kwargs)
           ^^^^^^^^^^^^^^^^^^^^^^^^^^^^^^^^^^^^^^^^^^^^^^^^^^^^^^^^^^^^^^^^^^^^^^^^^^^^^
  File "/opt/conda/lib/python3.11/site-packages/torch/_inductor/compile_fx.py", line 1608, in codegen_and_compile
    compiled_module = graph.compile_to_module()
                      ^^^^^^^^^^^^^^^^^^^^^^^^^
  File "/opt/conda/lib/python3.11/site-packages/torch/_inductor/graph.py", line 2669, in compile_to_module
    return self._compile_to_module()
           ^^^^^^^^^^^^^^^^^^^^^^^^^
  File "/opt/conda/lib/python3.11/site-packages/torch/_inductor/graph.py", line 2679, in _compile_to_module
    mod = self._compile_to_module_lines(wrapper_code)
          ^^^^^^^^^^^^^^^^^^^^^^^^^^^^^^^^^^^^^^^^^^^
  File "/opt/conda/lib/python3.11/site-packages/torch/_inductor/graph.py", line 2754, in _compile_to_module_lines
    mod = PyCodeCache.load_by_key_path(
          ^^^^^^^^^^^^^^^^^^^^^^^^^^^^^
  File "/opt/conda/lib/python3.11/site-packages/torch/_inductor/codecache.py", line 4622, in load_by_key_path
    mod = _reload_python_module(key, path, set_sys_modules=set_sys_modules)
          ^^^^^^^^^^^^^^^^^^^^^^^^^^^^^^^^^^^^^^^^^^^^^^^^^^^^^^^^^^^^^^^^^
  File "/opt/conda/lib/python3.11/site-packages/torch/_inductor/runtime/compile_tasks.py", line 35, in _reload_python_module
    exec(code, mod.__dict__, mod.__dict__)
  File "/tmp/torchinductor_root/7e/c7ewnhuvf6a7sjsy73syjyp2e67ztf4rblbocftzwdgtaxcmaw6k.py", line 1899, in <module>
    async_compile.wait(globals())
  File "/opt/conda/lib/python3.11/site-packages/torch/_inductor/async_compile.py", line 818, in wait
    self._wait_futures(scope)
  File "/opt/conda/lib/python3.11/site-packages/torch/_inductor/async_compile.py", line 848, in _wait_futures
    kernel = result.result(timeout=wait_timeout)
             ^^^^^^^^^^^^^^^^^^^^^^^^^^^^^^^^^^^
  File "/opt/conda/lib/python3.11/site-packages/torch/_inductor/codecache.py", line 5306, in result
    return self.result_fn()
           ^^^^^^^^^^^^^^^^
  File "/opt/conda/lib/python3.11/site-packages/torch/_inductor/async_compile.py", line 500, in get_result
    raise e.with_name(kernel_name) from e
torch._inductor.exc.InductorError: SubprocException: An exception occurred in a subprocess:

Name=_fp8_paged_decode_split
Traceback (most recent call last):
  File "/opt/conda/lib/python3.11/site-packages/torch/_inductor/compile_worker/subproc_pool.py", line 475, in do_job
    result = job()
             ^^^^^
  File "/opt/conda/lib/python3.11/site-packages/torch/_inductor/runtime/compile_tasks.py", line 204, in _worker_compile_triton
    kernel.precompile(warm_cache_only=True)
  File "/opt/conda/lib/python3.11/site-packages/torch/_inductor/runtime/triton_heuristics.py", line 648, in precompile
    self._precompile_worker()
  File "/opt/conda/lib/python3.11/site-packages/torch/_inductor/runtime/triton_heuristics.py", line 687, in _precompile_worker
    compile_results.append(self._precompile_config(c))
                           ^^^^^^^^^^^^^^^^^^^^^^^^^^
  File "/opt/conda/lib/python3.11/site-packages/torch/_inductor/runtime/triton_heuristics.py", line 1156, in _precompile_config
    binary = triton.compile(*compile_args, **compile_kwargs)
             ^^^^^^^^^^^^^^^^^^^^^^^^^^^^^^^^^^^^^^^^^^^^^^^
  File "/opt/conda/lib/python3.11/site-packages/triton/compiler/compiler.py", line 307, in compile
    module = src.make_ir(target, options, codegen_fns, module_map, context)
             ^^^^^^^^^^^^^^^^^^^^^^^^^^^^^^^^^^^^^^^^^^^^^^^^^^^^^^^^^^^^^^
  File "/opt/conda/lib/python3.11/site-packages/triton/compiler/compiler.py", line 80, in make_ir
    return ast_to_ttir(self.fn, self, context=context, options=options, codegen_fns=codegen_fns,
           ^^^^^^^^^^^^^^^^^^^^^^^^^^^^^^^^^^^^^^^^^^^^^^^^^^^^^^^^^^^^^^^^^^^^^^^^^^^^^^^^^^^^^
triton.compiler.errors.CompilationError: at 54:4:
    # variant and KEPT: the H_kv programs of one sequence walk the
    # same 512 B lines together, and that L2 cooperation beat
    # per-CTA contiguity 86.3 to 74.2 GB/s at the same config.
    # offs_d carries contiguity/alignment hints so the compiler can
    # prove each row's D bytes form one aligned run THROUGH the
    # gather and emit wide vector loads.
    pay_off = ((offs_t % BT)[:, None] * (H_KV * D) + h * D
               + tl.max_contiguous(tl.multiple_of(offs_d, D), D)[None, :])
    offs_gk = tl.arange(0, NG_K)
    offs_gv = tl.arange(0, NG_V)

    for start in range(t_lo, t_hi, KTILE):
    ^
AssertionError("Loop-carried variable m_i has initial type <['16'], fp32> but is re-assigned to <['16'], fp64> in loop! Please make sure that the type stays consistent.")


Set TORCHDYNAMO_VERBOSE=1 for the internal stack trace (please do this especially if you're reporting a bug to PyTorch). For even more developer context, set TORCH_LOGS="+dynamo"

