── renting offer 48226455
instance 48494135
[1] none ssh4.vast.ai 14134
[2] loading ssh4.vast.ai 14134
[3] loading ssh4.vast.ai 14134
[4] loading ssh4.vast.ai 14134
[5] loading ssh4.vast.ai 14134
[6] loading ssh4.vast.ai 14134
[7] loading ssh4.vast.ai 14134
[8] loading ssh4.vast.ai 14134
[9] running ssh4.vast.ai 14134
SSH-OK
── pre-gate
Model name:                              AMD EPYC 9654 96-Core Processor
avx512f-ok
48
── apt + env
gcc (Ubuntu 11.4.0-1ubuntu1~22.04.3) 11.4.0
available: 1 nodes (0)
node 0 cpus: 0 1 2 3 4 5 6 7 8 9 10 11 12 13 14 15 16 17 18 19 20 21 22 23 24 25 26 27 28 29 30 31 32 33 34 35 36 37 38 39 40 41 42 43 44 45 46 47
triad 32t: 176.7 GB/s
── ship repo + harness
Note: switching to '426d93c1574934ce0710e21c8c2bc5f21780ad9b'.

You are in 'detached HEAD' state. You can look around, make experimental
changes and commit them, and you can discard any commits you make in this
state without impacting any branches by switching back to a branch.

If you want to create a new branch to retain commits you create, you may
do so (now or later) by using -c with the switch command. Example:

  git switch -c <new-branch-name>

Or undo this operation with:

  git switch -

Turn off this advice by setting config variable advice.detachedHead to false

426d93c Low-G split re-certification: A/A gate, noise-derived bars (registered) (#238)
── B3 bit-exact at NEW
native built
B3 bit-exact: 1 passed
── arm A1 (old 426b4f2)
G= 1 rows=128 N= 256  med    605.4 us
G= 1 rows=128 N= 768  med    628.0 us
G=16 rows=128 N= 256  med    266.1 us
G=32 rows= 64 N= 256  med    109.2 us
G= 8 rows=128 N= 768  med    625.7 us
G=16 rows=128 N= 768  med    624.7 us
G=32 rows=128 N= 768  med    547.2 us
G=64 rows=128 N= 768  med    528.8 us
G=29 rows= 64 N= 768  med    340.0 us
G=29 rows=128 N= 768  med    508.0 us
receipt -> /root/certA1.json
── arm A2 (old, same binary)
G= 1 rows=128 N= 256  med    522.2 us
G= 1 rows=128 N= 768  med    521.4 us
G=16 rows=128 N= 256  med    240.0 us
G=32 rows= 64 N= 256  med    108.3 us
G= 8 rows=128 N= 768  med    535.1 us
G=16 rows=128 N= 768  med    534.8 us
G=32 rows=128 N= 768  med    458.7 us
G=64 rows=128 N= 768  med    522.3 us
G=29 rows= 64 N= 768  med    298.4 us
G=29 rows=128 N= 768  med    454.9 us
receipt -> /root/certA2.json
── A/A GATE
gate B1 1,128,256   mean    563.8 us  noise  14.8%  FAIL(>10%)
gate B1 1,128,768   mean    574.7 us  noise  18.5%  FAIL(>10%)
gate B2 16,128,256  mean    253.0 us  noise  10.3%
gate B2 32,64,256   mean    108.8 us  noise   0.8%
gate B2 8,128,768   mean    580.4 us  noise  15.6%
gate B2 16,128,768  mean    579.8 us  noise  15.5%
gate B2 32,128,768  mean    502.9 us  noise  17.6%
gate B2 64,128,768  mean    525.6 us  noise   1.2%
gate B2 29,64,768   mean    319.2 us  noise  13.0%
gate B2 29,128,768  mean    481.5 us  noise  11.0%
gate B2 median noise 13.0% (bar <= 5%)
A/A GATE: REJECT -- destroy and re-hunt
GATE-REJECT: destroying, re-hunt
DESTROYED 48494135

[exited with code 2]
