No prebuilt binary for CUDA 12.9, loading CUDA 12.8 instead. Set BNB_CUDA_VERSION to override.
[23:13:49]   fusing + quantizing experts (up to 16x64) to nf4 (streaming)...
[23:13:49]   quantized experts on 16/16 MoE layers (64 experts each)
[23:13:49]   loading non-expert weights (attention/embeddings/router/norms/dense-mlp)...
[23:13:49]   experts deferred to the arena: 16 module(s), 80 unmaterialized buffer(s) — call nvme_experts.enable_nvme_residency() before running this model
[23:13:51]   hybrid tier active on 16 module(s): vram/dram/nvme masses 0.48/0.47/0.05
prefetch=False dest=gpu | pf_wired= 0/16 pf_enabled= 0 | submitted=0      rows=0       | demand_miss=997    spec_miss=0      spec_hit=0      demand_wait_ms=0.0
[23:14:00]   fusing + quantizing experts (up to 16x64) to nf4 (streaming)...
[23:14:00]   quantized experts on 16/16 MoE layers (64 experts each)
[23:14:00]   loading non-expert weights (attention/embeddings/router/norms/dense-mlp)...
[23:14:01]   experts deferred to the arena: 16 module(s), 80 unmaterialized buffer(s) — call nvme_experts.enable_nvme_residency() before running this model
[23:14:02]   hybrid tier active on 16 module(s): vram/dram/nvme masses 0.48/0.47/0.05
prefetch=False dest=cpu | pf_wired= 0/16 pf_enabled= 0 | submitted=0      rows=0       | demand_miss=997    spec_miss=0      spec_hit=0      demand_wait_ms=0.0
[23:14:11]   fusing + quantizing experts (up to 16x64) to nf4 (streaming)...
[23:14:11]   quantized experts on 16/16 MoE layers (64 experts each)
[23:14:11]   loading non-expert weights (attention/embeddings/router/norms/dense-mlp)...
[23:14:11]   experts deferred to the arena: 16 module(s), 80 unmaterialized buffer(s) — call nvme_experts.enable_nvme_residency() before running this model
[23:14:12]   hybrid tier active on 16 module(s): vram/dram/nvme masses 0.48/0.47/0.05
prefetch=True  dest=gpu | pf_wired=15/16 pf_enabled=15 | submitted=2097   rows=1590    | demand_miss=988    spec_miss=35     spec_hit=1555   demand_wait_ms=6.7
[23:14:22]   fusing + quantizing experts (up to 16x64) to nf4 (streaming)...
[23:14:22]   quantized experts on 16/16 MoE layers (64 experts each)
[23:14:22]   loading non-expert weights (attention/embeddings/router/norms/dense-mlp)...
[23:14:22]   experts deferred to the arena: 16 module(s), 80 unmaterialized buffer(s) — call nvme_experts.enable_nvme_residency() before running this model
[23:14:23]   hybrid tier active on 16 module(s): vram/dram/nvme masses 0.48/0.47/0.05
prefetch=True  dest=cpu | pf_wired=15/16 pf_enabled=15 | submitted=2099   rows=1629    | demand_miss=988    spec_miss=31     spec_hit=1598   demand_wait_ms=5.3
